<?xml version="1.0" encoding="utf-8"?>
<resources>
    <string name="something" formatted="false">Something</string>
    <string name="something_only_in_en" formatted="false">Something only in English</string>
</resources>
