<resources>
	<string name="something">Noget</string>
	<string name="something_only_in_en">Something only in English</string>
</resources>
