"SOMETHING" = "Noget";
"SOMETHING_ONLY_IN_EN" = "Something only in English";
