{
  "something": "Noget",
  "something_only_in_en": "Something only in English"
}