// swiftlint:disable all
import Foundation
public struct Translations {
}
