"SOMETHING" = "Noget";
"SOMETHING_ESCAPED" = "Noget med ,";
"SOMETHING_FOR_XML" = "Det er som & og <b>fremhævet</b> \"tekst\" eller 官话";
"SOMETHING_WITH_ARGUMENTS" = "Noget med %1 og %2";
"SOMETHING_WITH_ESCAPED_PERCENTAGE" = "Noget med % %1 %%2";
"WATCH_OUT_FOR_NEW_LINES" = "Tekst\nmed\nline\nskift";
"iOSCaseSensitiveKey" = "Noget";
